com\zerotrace\core\client\AuthClient$3.class
com\zerotrace\model\ThreatAnalysisResult.class
com\zerotrace\ui\ZeroTraceDesktopApp$SessionContext.class
com\zerotrace\core\client\SessionManager.class
com\zerotrace\model\AuditExportResponse.class
com\zerotrace\ui\ZeroTraceDesktopApp$TaskError.class
com\zerotrace\ui\ZeroTraceFinalApp$LoginContext.class
com\zerotrace\core\client\SessionManager$Session.class
com\zerotrace\ui\ZeroTraceDesktopApp$1.class
com\zerotrace\core\client\AuthClient$1.class
com\zerotrace\model\MessageRequest.class
com\zerotrace\core\client\AttackSimulator.class
com\zerotrace\core\client\AuthClient$4.class
com\zerotrace\ui\ZeroTraceFinalApp$ChatEntry.class
com\zerotrace\ui\ZeroTraceFinalApp$TaskSupplier.class
com\zerotrace\ui\ZeroTraceDesktopApp$TaskSupplier.class
com\zerotrace\ui\ZeroTraceFinalApp$1.class
com\zerotrace\ui\ZeroTraceFinalApp.class
com\zerotrace\core\client\AuthClient$2.class
com\zerotrace\core\client\KeyManager.class
com\zerotrace\model\AuthResponse.class
com\zerotrace\ui\ZeroTraceFinalApp$TextInputDialogBuilder.class
com\zerotrace\ui\ZeroTraceDesktopApp.class
com\zerotrace\ui\ZeroTraceDesktopApp$TaskSuccess.class
com\zerotrace\model\AuthRequest.class
com\zerotrace\model\SendMessageResponse.class
com\zerotrace\ui\ZeroTraceFinalApp$TaskFailure.class
com\zerotrace\ui\ZeroTraceFinalApp$TaskSuccess.class
