C:\Users\kashm\OneDrive\Desktop\ZEROTRACE\ZeroTrace_Core\src\main\java\com\zerotrace\core\client\AttackSimulator.java
C:\Users\kashm\OneDrive\Desktop\ZEROTRACE\ZeroTrace_Core\src\main\java\com\zerotrace\core\client\AuthClient.java
C:\Users\kashm\OneDrive\Desktop\ZEROTRACE\ZeroTrace_Core\src\main\java\com\zerotrace\core\client\KeyManager.java
C:\Users\kashm\OneDrive\Desktop\ZEROTRACE\ZeroTrace_Core\src\main\java\com\zerotrace\core\client\SessionManager.java
C:\Users\kashm\OneDrive\Desktop\ZEROTRACE\ZeroTrace_Core\src\main\java\com\zerotrace\core\EncryptionService.java
C:\Users\kashm\OneDrive\Desktop\ZEROTRACE\ZeroTrace_Core\src\main\java\com\zerotrace\crypto\AESUtil.java
C:\Users\kashm\OneDrive\Desktop\ZEROTRACE\ZeroTrace_Core\src\main\java\com\zerotrace\crypto\HashUtil.java
C:\Users\kashm\OneDrive\Desktop\ZEROTRACE\ZeroTrace_Core\src\main\java\com\zerotrace\crypto\RSAUtil.java
C:\Users\kashm\OneDrive\Desktop\ZEROTRACE\ZeroTrace_Core\src\main\java\com\zerotrace\crypto\SignatureUtil.java
C:\Users\kashm\OneDrive\Desktop\ZEROTRACE\ZeroTrace_Core\src\main\java\com\zerotrace\Main.java
C:\Users\kashm\OneDrive\Desktop\ZEROTRACE\ZeroTrace_Core\src\main\java\com\zerotrace\model\AuditExportResponse.java
C:\Users\kashm\OneDrive\Desktop\ZEROTRACE\ZeroTrace_Core\src\main\java\com\zerotrace\model\AuthRequest.java
C:\Users\kashm\OneDrive\Desktop\ZEROTRACE\ZeroTrace_Core\src\main\java\com\zerotrace\model\AuthResponse.java
C:\Users\kashm\OneDrive\Desktop\ZEROTRACE\ZeroTrace_Core\src\main\java\com\zerotrace\model\MessagePacket.java
C:\Users\kashm\OneDrive\Desktop\ZEROTRACE\ZeroTrace_Core\src\main\java\com\zerotrace\model\MessageRequest.java
C:\Users\kashm\OneDrive\Desktop\ZEROTRACE\ZeroTrace_Core\src\main\java\com\zerotrace\model\SendMessageResponse.java
C:\Users\kashm\OneDrive\Desktop\ZEROTRACE\ZeroTrace_Core\src\main\java\com\zerotrace\model\ThreatAnalysisResult.java
C:\Users\kashm\OneDrive\Desktop\ZEROTRACE\ZeroTrace_Core\src\main\java\com\zerotrace\ui\ZeroTraceDesktopApp.java
C:\Users\kashm\OneDrive\Desktop\ZEROTRACE\ZeroTrace_Core\src\main\java\com\zerotrace\ui\ZeroTraceFinalApp.java
